2026-02-13 19:46:02,365 [INFO] ======================================================================
2026-02-13 19:46:02,365 [INFO] MIGRATION DRY-RUN
2026-02-13 19:46:02,365 [INFO] RunID: 2c5c362f-ab45-46cf-a82f-eece403ed1c8
2026-02-13 19:46:02,365 [INFO] Source: C:\python\bahar-electric\Bahra-SAP-E-bidding-automation\Playwright\ALLRFPs
2026-02-13 19:46:02,365 [INFO] ======================================================================
2026-02-13 19:46:02,365 [INFO] 
======================================================================
2026-02-13 19:46:02,365 [INFO] Processing: Saudi Electricity Company
2026-02-13 19:46:02,365 [INFO] ======================================================================
2026-02-13 19:46:54,595 [INFO] ======================================================================
2026-02-13 19:46:54,595 [INFO] MIGRATION DRY-RUN
2026-02-13 19:46:54,595 [INFO] RunID: 6e62d72f-a652-4a46-900f-fced00f10e9c
2026-02-13 19:46:54,595 [INFO] Source: C:\python\bahar-electric\Bahra-SAP-E-bidding-automation\Playwright\ALLRFPs
2026-02-13 19:46:54,595 [INFO] ======================================================================
2026-02-13 19:46:54,595 [INFO] 
======================================================================
2026-02-13 19:46:54,595 [INFO] Processing: Saudi Electricity Company
2026-02-13 19:46:54,595 [INFO] ======================================================================
2026-02-13 19:47:28,580 [INFO] ======================================================================
2026-02-13 19:47:28,580 [INFO] MIGRATION DRY-RUN
2026-02-13 19:47:28,580 [INFO] RunID: 5bdbaa80-cfa4-4c4d-9a8f-19f093c4167c
2026-02-13 19:47:28,580 [INFO] Source: C:\python\bahar-electric\Bahra-SAP-E-bidding-automation\Playwright\ALLRFPs
2026-02-13 19:47:28,581 [INFO] ======================================================================
2026-02-13 19:47:28,582 [INFO] 
======================================================================
2026-02-13 19:47:28,584 [INFO] Processing: Saudi Electricity Company
2026-02-13 19:47:28,584 [INFO] ======================================================================
2026-02-13 19:47:31,451 [INFO]   HTML records parsed: 846
2026-02-13 19:47:31,771 [INFO]   Local folders found: 211 (with files: 186)
2026-02-13 19:47:31,836 [INFO]   Matched (HTML + folder): 831
2026-02-13 19:47:31,836 [INFO]   HTML-only (no folder): 15
2026-02-13 19:47:31,836 [INFO]   Folder-only (no HTML): 0
2026-02-13 19:47:31,836 [INFO]   --- Unmatched HTML titles (first 10) ---
2026-02-13 19:47:31,836 [INFO]     RFQ - C001652754
2026-02-13 19:47:31,837 [INFO]     RFQ - C001596029
2026-02-13 19:47:31,837 [INFO]     SEC RFQ - C001547003
2026-02-13 19:47:31,837 [INFO]     SEC-RFQ C001546509
2026-02-13 19:47:31,837 [INFO]     SEC RFQ - C001544935
2026-02-13 19:47:31,837 [INFO]     RFQ - C001528996
2026-02-13 19:47:31,837 [INFO]     SEC RFQ - C001532871
2026-02-13 19:47:31,837 [INFO]     SEC-RFQ - C001528269
2026-02-13 19:47:31,837 [INFO]     SEC RFQ - C001521324
2026-02-13 19:47:31,837 [INFO]     RFQ - C001515390 - 6001515390
2026-02-13 19:47:31,838 [INFO]   [DRY-RUN] Skipping uploads and DB inserts for Saudi Electricity Company
2026-02-13 19:47:31,841 [INFO] 
======================================================================
2026-02-13 19:47:31,842 [INFO] Processing: Aramco e-Marketplace
2026-02-13 19:47:31,842 [INFO] ======================================================================
2026-02-13 19:47:34,592 [INFO]   HTML records parsed: 1000
2026-02-13 19:47:35,405 [INFO]   Local folders found: 997 (with files: 371)
2026-02-13 19:47:35,422 [INFO]   Matched (HTML + folder): 999
2026-02-13 19:47:35,422 [INFO]   HTML-only (no folder): 1
2026-02-13 19:47:35,422 [INFO]   Folder-only (no HTML): 0
2026-02-13 19:47:35,422 [INFO]   --- Unmatched HTML titles (first 10) ---
2026-02-13 19:47:35,422 [INFO]     Aramco_4203234123_CABLE, ELECTRICAL, LOW VOLTAGE 19 S
2026-02-13 19:47:35,423 [INFO]   [DRY-RUN] Skipping uploads and DB inserts for Aramco e-Marketplace
2026-02-13 19:47:35,424 [INFO] 
======================================================================
2026-02-13 19:47:35,426 [INFO] MIGRATION DRY-RUN COMPLETE
2026-02-13 19:47:35,426 [INFO] ======================================================================
2026-02-13 19:47:35,426 [INFO] Total uploads:         0
2026-02-13 19:47:35,426 [INFO] Total DB inserts:      0
2026-02-13 19:47:35,426 [INFO] Empty folders created: 0
2026-02-13 19:47:35,426 [INFO] Upload failures:       0
2026-02-13 19:47:35,426 [INFO] DB insert failures:    0
2026-02-13 19:47:35,426 [INFO] HTML-only (no folder): 11
2026-02-13 19:47:35,426 [INFO] Folder-only (no HTML): 0
2026-02-13 19:47:35,426 [INFO] Progress file:         C:\python\RFP-automation\migration_progress.json
